[0.232s] DEBUG:colcon:Command line arguments: ['/usr/bin/colcon', 'build']
[0.232s] DEBUG:colcon:Parsed command line arguments: Namespace(ament_cmake_args=None, base_paths=['.'], build_base='build', catkin_cmake_args=None, catkin_skip_building_tests=False, cmake_args=None, cmake_clean_cache=False, cmake_clean_first=False, cmake_force_configure=False, cmake_target=None, cmake_target_skip_unavailable=False, continue_on_error=False, event_handlers=None, executor='parallel', ignore_user_meta=False, install_base='install', log_base=None, log_level=None, main=<bound method BuildVerb.main of <colcon_core.verb.build.BuildVerb object at 0x77caa938a040>>, merge_install=False, metas=['./colcon.meta'], mixin=None, mixin_files=None, mixin_verb=('build',), packages_above=None, packages_above_and_dependencies=None, packages_above_depth=None, packages_end=None, packages_ignore=None, packages_ignore_regex=None, packages_select=None, packages_select_build_failed=False, packages_select_by_dep=None, packages_select_regex=None, packages_select_test_failures=False, packages_skip=None, packages_skip_build_finished=False, packages_skip_by_dep=None, packages_skip_regex=None, packages_skip_test_passed=False, packages_skip_up_to=None, packages_start=None, packages_up_to=None, packages_up_to_regex=None, parallel_workers=16, paths=None, symlink_install=False, test_result_base=None, verb_extension=<colcon_core.verb.build.BuildVerb object at 0x77caa938a040>, verb_name='build', verb_parser=<colcon_mixin.mixin.mixin_argument.MixinArgumentDecorator object at 0x77caa938a6a0>)
[0.253s] Level 1:colcon.colcon_core.package_discovery:discover_packages(colcon_meta) check parameters
[0.254s] INFO:colcon.colcon_metadata.package_discovery.colcon_meta:Using configuration from '/root/.colcon/metadata/default/Gazebo.meta'
[0.254s] INFO:colcon.colcon_metadata.package_discovery.colcon_meta:Using configuration from '/root/.colcon/metadata/default/fastdds.meta'
[0.254s] INFO:colcon.colcon_metadata.package_discovery.colcon_meta:Using configuration from '/root/.colcon/metadata/default/fastrtps.meta'
[0.254s] Level 1:colcon.colcon_core.package_discovery:discover_packages(recursive) check parameters
[0.254s] Level 1:colcon.colcon_core.package_discovery:discover_packages(ignore) check parameters
[0.254s] Level 1:colcon.colcon_core.package_discovery:discover_packages(path) check parameters
[0.254s] Level 1:colcon.colcon_core.package_discovery:discover_packages(colcon_meta) discover
[0.254s] Level 1:colcon.colcon_core.package_discovery:discover_packages(recursive) discover
[0.254s] INFO:colcon.colcon_core.package_discovery:Crawling recursively for packages in '/root/robotaksi_ws/src/S-M-LASYON'
[0.254s] Level 1:colcon.colcon_core.package_identification:_identify(.) by extensions ['ignore', 'ignore_ament_install']
[0.255s] Level 1:colcon.colcon_core.package_identification:_identify(.) by extension 'ignore'
[0.255s] Level 1:colcon.colcon_core.package_identification:_identify(.) by extension 'ignore_ament_install'
[0.255s] Level 1:colcon.colcon_core.package_identification:_identify(.) by extensions ['colcon_pkg']
[0.255s] Level 1:colcon.colcon_core.package_identification:_identify(.) by extension 'colcon_pkg'
[0.255s] Level 1:colcon.colcon_core.package_identification:_identify(.) by extensions ['colcon_meta']
[0.255s] Level 1:colcon.colcon_core.package_identification:_identify(.) by extension 'colcon_meta'
[0.255s] Level 1:colcon.colcon_core.package_identification:_identify(.) by extensions ['ros']
[0.255s] Level 1:colcon.colcon_core.package_identification:_identify(.) by extension 'ros'
[0.266s] Level 1:colcon.colcon_core.package_identification:_identify(.) by extensions ['cmake', 'python']
[0.266s] Level 1:colcon.colcon_core.package_identification:_identify(.) by extension 'cmake'
[0.266s] Level 1:colcon.colcon_core.package_identification:_identify(.) by extension 'python'
[0.266s] Level 1:colcon.colcon_core.package_identification:_identify(.) by extensions ['python_setup_py']
[0.266s] Level 1:colcon.colcon_core.package_identification:_identify(.) by extension 'python_setup_py'
[0.266s] Level 1:colcon.colcon_core.package_identification:_identify(build) by extensions ['ignore', 'ignore_ament_install']
[0.266s] Level 1:colcon.colcon_core.package_identification:_identify(build) by extension 'ignore'
[0.266s] Level 1:colcon.colcon_core.package_identification:_identify(build) ignored
[0.266s] Level 1:colcon.colcon_core.package_identification:_identify(gps_loss_zone) by extensions ['ignore', 'ignore_ament_install']
[0.266s] Level 1:colcon.colcon_core.package_identification:_identify(gps_loss_zone) by extension 'ignore'
[0.266s] Level 1:colcon.colcon_core.package_identification:_identify(gps_loss_zone) by extension 'ignore_ament_install'
[0.266s] Level 1:colcon.colcon_core.package_identification:_identify(gps_loss_zone) by extensions ['colcon_pkg']
[0.266s] Level 1:colcon.colcon_core.package_identification:_identify(gps_loss_zone) by extension 'colcon_pkg'
[0.266s] Level 1:colcon.colcon_core.package_identification:_identify(gps_loss_zone) by extensions ['colcon_meta']
[0.266s] Level 1:colcon.colcon_core.package_identification:_identify(gps_loss_zone) by extension 'colcon_meta'
[0.266s] Level 1:colcon.colcon_core.package_identification:_identify(gps_loss_zone) by extensions ['ros']
[0.266s] Level 1:colcon.colcon_core.package_identification:_identify(gps_loss_zone) by extension 'ros'
[0.268s] DEBUG:colcon.colcon_core.package_identification:Package 'gps_loss_zone' with type 'ros.ament_python' and name 'gps_loss_zone'
[0.268s] Level 1:colcon.colcon_core.package_identification:_identify(install) by extensions ['ignore', 'ignore_ament_install']
[0.268s] Level 1:colcon.colcon_core.package_identification:_identify(install) by extension 'ignore'
[0.268s] Level 1:colcon.colcon_core.package_identification:_identify(install) ignored
[0.268s] Level 1:colcon.colcon_core.package_identification:_identify(log) by extensions ['ignore', 'ignore_ament_install']
[0.268s] Level 1:colcon.colcon_core.package_identification:_identify(log) by extension 'ignore'
[0.268s] Level 1:colcon.colcon_core.package_identification:_identify(log) ignored
[0.268s] Level 1:colcon.colcon_core.package_identification:_identify(robotaxi_sim) by extensions ['ignore', 'ignore_ament_install']
[0.268s] Level 1:colcon.colcon_core.package_identification:_identify(robotaxi_sim) by extension 'ignore'
[0.268s] Level 1:colcon.colcon_core.package_identification:_identify(robotaxi_sim) by extension 'ignore_ament_install'
[0.268s] Level 1:colcon.colcon_core.package_identification:_identify(robotaxi_sim) by extensions ['colcon_pkg']
[0.268s] Level 1:colcon.colcon_core.package_identification:_identify(robotaxi_sim) by extension 'colcon_pkg'
[0.268s] Level 1:colcon.colcon_core.package_identification:_identify(robotaxi_sim) by extensions ['colcon_meta']
[0.268s] Level 1:colcon.colcon_core.package_identification:_identify(robotaxi_sim) by extension 'colcon_meta'
[0.268s] Level 1:colcon.colcon_core.package_identification:_identify(robotaxi_sim) by extensions ['ros']
[0.268s] Level 1:colcon.colcon_core.package_identification:_identify(robotaxi_sim) by extension 'ros'
[0.269s] DEBUG:colcon.colcon_core.package_identification:Package 'robotaxi_sim' with type 'ros.ament_python' and name 'robotaxi_sim'
[0.269s] Level 1:colcon.colcon_core.package_identification:_identify(worlds) by extensions ['ignore', 'ignore_ament_install']
[0.269s] Level 1:colcon.colcon_core.package_identification:_identify(worlds) by extension 'ignore'
[0.269s] Level 1:colcon.colcon_core.package_identification:_identify(worlds) by extension 'ignore_ament_install'
[0.269s] Level 1:colcon.colcon_core.package_identification:_identify(worlds) by extensions ['colcon_pkg']
[0.269s] Level 1:colcon.colcon_core.package_identification:_identify(worlds) by extension 'colcon_pkg'
[0.269s] Level 1:colcon.colcon_core.package_identification:_identify(worlds) by extensions ['colcon_meta']
[0.269s] Level 1:colcon.colcon_core.package_identification:_identify(worlds) by extension 'colcon_meta'
[0.269s] Level 1:colcon.colcon_core.package_identification:_identify(worlds) by extensions ['ros']
[0.269s] Level 1:colcon.colcon_core.package_identification:_identify(worlds) by extension 'ros'
[0.269s] Level 1:colcon.colcon_core.package_identification:_identify(worlds) by extensions ['cmake', 'python']
[0.269s] Level 1:colcon.colcon_core.package_identification:_identify(worlds) by extension 'cmake'
[0.269s] Level 1:colcon.colcon_core.package_identification:_identify(worlds) by extension 'python'
[0.269s] Level 1:colcon.colcon_core.package_identification:_identify(worlds) by extensions ['python_setup_py']
[0.269s] Level 1:colcon.colcon_core.package_identification:_identify(worlds) by extension 'python_setup_py'
[0.269s] Level 1:colcon.colcon_core.package_discovery:discover_packages(recursive) using defaults
[0.269s] Level 1:colcon.colcon_core.package_discovery:discover_packages(ignore) discover
[0.269s] Level 1:colcon.colcon_core.package_discovery:discover_packages(ignore) using defaults
[0.269s] Level 1:colcon.colcon_core.package_discovery:discover_packages(path) discover
[0.269s] Level 1:colcon.colcon_core.package_discovery:discover_packages(path) using defaults
[0.283s] Level 5:colcon.colcon_core.verb:set package 'gps_loss_zone' build argument 'cmake_args' from command line to 'None'
[0.283s] Level 5:colcon.colcon_core.verb:set package 'gps_loss_zone' build argument 'cmake_target' from command line to 'None'
[0.283s] Level 5:colcon.colcon_core.verb:set package 'gps_loss_zone' build argument 'cmake_target_skip_unavailable' from command line to 'False'
[0.283s] Level 5:colcon.colcon_core.verb:set package 'gps_loss_zone' build argument 'cmake_clean_cache' from command line to 'False'
[0.283s] Level 5:colcon.colcon_core.verb:set package 'gps_loss_zone' build argument 'cmake_clean_first' from command line to 'False'
[0.283s] Level 5:colcon.colcon_core.verb:set package 'gps_loss_zone' build argument 'cmake_force_configure' from command line to 'False'
[0.283s] Level 5:colcon.colcon_core.verb:set package 'gps_loss_zone' build argument 'ament_cmake_args' from command line to 'None'
[0.283s] Level 5:colcon.colcon_core.verb:set package 'gps_loss_zone' build argument 'catkin_cmake_args' from command line to 'None'
[0.283s] Level 5:colcon.colcon_core.verb:set package 'gps_loss_zone' build argument 'catkin_skip_building_tests' from command line to 'False'
[0.283s] DEBUG:colcon.colcon_core.verb:Building package 'gps_loss_zone' with the following arguments: {'ament_cmake_args': None, 'build_base': '/root/robotaksi_ws/src/S-M-LASYON/build/gps_loss_zone', 'catkin_cmake_args': None, 'catkin_skip_building_tests': False, 'cmake_args': None, 'cmake_clean_cache': False, 'cmake_clean_first': False, 'cmake_force_configure': False, 'cmake_target': None, 'cmake_target_skip_unavailable': False, 'install_base': '/root/robotaksi_ws/src/S-M-LASYON/install/gps_loss_zone', 'merge_install': False, 'path': '/root/robotaksi_ws/src/S-M-LASYON/gps_loss_zone', 'symlink_install': False, 'test_result_base': None}
[0.283s] Level 5:colcon.colcon_core.verb:set package 'robotaxi_sim' build argument 'cmake_args' from command line to 'None'
[0.283s] Level 5:colcon.colcon_core.verb:set package 'robotaxi_sim' build argument 'cmake_target' from command line to 'None'
[0.283s] Level 5:colcon.colcon_core.verb:set package 'robotaxi_sim' build argument 'cmake_target_skip_unavailable' from command line to 'False'
[0.283s] Level 5:colcon.colcon_core.verb:set package 'robotaxi_sim' build argument 'cmake_clean_cache' from command line to 'False'
[0.283s] Level 5:colcon.colcon_core.verb:set package 'robotaxi_sim' build argument 'cmake_clean_first' from command line to 'False'
[0.283s] Level 5:colcon.colcon_core.verb:set package 'robotaxi_sim' build argument 'cmake_force_configure' from command line to 'False'
[0.283s] Level 5:colcon.colcon_core.verb:set package 'robotaxi_sim' build argument 'ament_cmake_args' from command line to 'None'
[0.283s] Level 5:colcon.colcon_core.verb:set package 'robotaxi_sim' build argument 'catkin_cmake_args' from command line to 'None'
[0.283s] Level 5:colcon.colcon_core.verb:set package 'robotaxi_sim' build argument 'catkin_skip_building_tests' from command line to 'False'
[0.283s] DEBUG:colcon.colcon_core.verb:Building package 'robotaxi_sim' with the following arguments: {'ament_cmake_args': None, 'build_base': '/root/robotaksi_ws/src/S-M-LASYON/build/robotaxi_sim', 'catkin_cmake_args': None, 'catkin_skip_building_tests': False, 'cmake_args': None, 'cmake_clean_cache': False, 'cmake_clean_first': False, 'cmake_force_configure': False, 'cmake_target': None, 'cmake_target_skip_unavailable': False, 'install_base': '/root/robotaksi_ws/src/S-M-LASYON/install/robotaxi_sim', 'merge_install': False, 'path': '/root/robotaksi_ws/src/S-M-LASYON/robotaxi_sim', 'symlink_install': False, 'test_result_base': None}
[0.284s] INFO:colcon.colcon_core.executor:Executing jobs using 'parallel' executor
[0.285s] DEBUG:colcon.colcon_parallel_executor.executor.parallel:run_until_complete
[0.285s] INFO:colcon.colcon_ros.task.ament_python.build:Building ROS package in '/root/robotaksi_ws/src/S-M-LASYON/gps_loss_zone' with build type 'ament_python'
[0.285s] Level 1:colcon.colcon_core.shell:create_environment_hook('gps_loss_zone', 'ament_prefix_path')
[0.289s] INFO:colcon.colcon_core.plugin_system:Skipping extension 'colcon_core.shell.bat': Not used on non-Windows systems
[0.289s] INFO:colcon.colcon_core.shell:Creating environment hook '/root/robotaksi_ws/src/S-M-LASYON/install/gps_loss_zone/share/gps_loss_zone/hook/ament_prefix_path.ps1'
[0.290s] INFO:colcon.colcon_core.shell:Creating environment descriptor '/root/robotaksi_ws/src/S-M-LASYON/install/gps_loss_zone/share/gps_loss_zone/hook/ament_prefix_path.dsv'
[0.290s] INFO:colcon.colcon_core.shell:Creating environment hook '/root/robotaksi_ws/src/S-M-LASYON/install/gps_loss_zone/share/gps_loss_zone/hook/ament_prefix_path.sh'
[0.291s] INFO:colcon.colcon_core.shell:Skip shell extension 'powershell' for command environment: Not usable outside of PowerShell
[0.291s] DEBUG:colcon.colcon_core.shell:Skip shell extension 'dsv' for command environment
[0.294s] INFO:colcon.colcon_ros.task.ament_python.build:Building ROS package in '/root/robotaksi_ws/src/S-M-LASYON/robotaxi_sim' with build type 'ament_python'
[0.294s] Level 1:colcon.colcon_core.shell:create_environment_hook('robotaxi_sim', 'ament_prefix_path')
[0.295s] INFO:colcon.colcon_core.shell:Creating environment hook '/root/robotaksi_ws/src/S-M-LASYON/install/robotaxi_sim/share/robotaxi_sim/hook/ament_prefix_path.ps1'
[0.295s] INFO:colcon.colcon_core.shell:Creating environment descriptor '/root/robotaksi_ws/src/S-M-LASYON/install/robotaxi_sim/share/robotaxi_sim/hook/ament_prefix_path.dsv'
[0.295s] INFO:colcon.colcon_core.shell:Creating environment hook '/root/robotaksi_ws/src/S-M-LASYON/install/robotaxi_sim/share/robotaxi_sim/hook/ament_prefix_path.sh'
[0.296s] INFO:colcon.colcon_core.shell:Skip shell extension 'powershell' for command environment: Not usable outside of PowerShell
[0.296s] DEBUG:colcon.colcon_core.shell:Skip shell extension 'dsv' for command environment
[0.380s] INFO:colcon.colcon_core.task.python.build:Building Python package in '/root/robotaksi_ws/src/S-M-LASYON/gps_loss_zone'
[0.381s] INFO:colcon.colcon_core.shell:Skip shell extension 'powershell' for command environment: Not usable outside of PowerShell
[0.381s] DEBUG:colcon.colcon_core.shell:Skip shell extension 'dsv' for command environment
[0.465s] INFO:colcon.colcon_core.task.python.build:Building Python package in '/root/robotaksi_ws/src/S-M-LASYON/robotaxi_sim'
[0.466s] INFO:colcon.colcon_core.shell:Skip shell extension 'powershell' for command environment: Not usable outside of PowerShell
[0.466s] DEBUG:colcon.colcon_core.shell:Skip shell extension 'dsv' for command environment
[0.661s] DEBUG:colcon.colcon_core.event_handler.log_command:Invoking command in '/root/robotaksi_ws/src/S-M-LASYON/robotaxi_sim': PYTHONPATH=/root/robotaksi_ws/src/S-M-LASYON/build/robotaxi_sim/prefix_override:/root/robotaksi_ws/src/S-M-LASYON/install/robotaxi_sim/lib/python3.8/site-packages: /usr/bin/python3 setup.py egg_info --egg-base ../build/robotaxi_sim build --build-base /root/robotaksi_ws/src/S-M-LASYON/build/robotaxi_sim/build install --record /root/robotaksi_ws/src/S-M-LASYON/build/robotaxi_sim/install.log --single-version-externally-managed
[0.663s] DEBUG:colcon.colcon_core.event_handler.log_command:Invoking command in '/root/robotaksi_ws/src/S-M-LASYON/gps_loss_zone': PYTHONPATH=/root/robotaksi_ws/src/S-M-LASYON/build/gps_loss_zone/prefix_override:/root/robotaksi_ws/src/S-M-LASYON/install/gps_loss_zone/lib/python3.8/site-packages: /usr/bin/python3 setup.py egg_info --egg-base ../build/gps_loss_zone build --build-base /root/robotaksi_ws/src/S-M-LASYON/build/gps_loss_zone/build install --record /root/robotaksi_ws/src/S-M-LASYON/build/gps_loss_zone/install.log --single-version-externally-managed
[0.780s] DEBUG:colcon.colcon_core.event_handler.log_command:Invoked command in '/root/robotaksi_ws/src/S-M-LASYON/gps_loss_zone' returned '0': PYTHONPATH=/root/robotaksi_ws/src/S-M-LASYON/build/gps_loss_zone/prefix_override:/root/robotaksi_ws/src/S-M-LASYON/install/gps_loss_zone/lib/python3.8/site-packages: /usr/bin/python3 setup.py egg_info --egg-base ../build/gps_loss_zone build --build-base /root/robotaksi_ws/src/S-M-LASYON/build/gps_loss_zone/build install --record /root/robotaksi_ws/src/S-M-LASYON/build/gps_loss_zone/install.log --single-version-externally-managed
[0.785s] Level 1:colcon.colcon_core.environment:checking '/root/robotaksi_ws/src/S-M-LASYON/install/gps_loss_zone' for CMake module files
[0.785s] Level 1:colcon.colcon_core.environment:checking '/root/robotaksi_ws/src/S-M-LASYON/install/gps_loss_zone' for CMake config files
[0.785s] Level 1:colcon.colcon_core.environment:checking '/root/robotaksi_ws/src/S-M-LASYON/install/gps_loss_zone/lib'
[0.785s] Level 1:colcon.colcon_core.environment:checking '/root/robotaksi_ws/src/S-M-LASYON/install/gps_loss_zone/bin'
[0.785s] Level 1:colcon.colcon_core.environment:checking '/root/robotaksi_ws/src/S-M-LASYON/install/gps_loss_zone/lib/pkgconfig/gps_loss_zone.pc'
[0.786s] Level 1:colcon.colcon_core.environment:checking '/root/robotaksi_ws/src/S-M-LASYON/install/gps_loss_zone/lib/python3.8/site-packages'
[0.786s] Level 1:colcon.colcon_core.shell:create_environment_hook('gps_loss_zone', 'pythonpath')
[0.786s] INFO:colcon.colcon_core.shell:Creating environment hook '/root/robotaksi_ws/src/S-M-LASYON/install/gps_loss_zone/share/gps_loss_zone/hook/pythonpath.ps1'
[0.786s] INFO:colcon.colcon_core.shell:Creating environment descriptor '/root/robotaksi_ws/src/S-M-LASYON/install/gps_loss_zone/share/gps_loss_zone/hook/pythonpath.dsv'
[0.787s] INFO:colcon.colcon_core.shell:Creating environment hook '/root/robotaksi_ws/src/S-M-LASYON/install/gps_loss_zone/share/gps_loss_zone/hook/pythonpath.sh'
[0.787s] Level 1:colcon.colcon_core.environment:checking '/root/robotaksi_ws/src/S-M-LASYON/install/gps_loss_zone/bin'
[0.787s] Level 1:colcon.colcon_core.environment:create_environment_scripts_only(gps_loss_zone)
[0.788s] INFO:colcon.colcon_core.shell:Creating package script '/root/robotaksi_ws/src/S-M-LASYON/install/gps_loss_zone/share/gps_loss_zone/package.ps1'
[0.788s] INFO:colcon.colcon_core.shell:Creating package descriptor '/root/robotaksi_ws/src/S-M-LASYON/install/gps_loss_zone/share/gps_loss_zone/package.dsv'
[0.788s] INFO:colcon.colcon_core.shell:Creating package script '/root/robotaksi_ws/src/S-M-LASYON/install/gps_loss_zone/share/gps_loss_zone/package.sh'
[0.789s] INFO:colcon.colcon_core.shell:Creating package script '/root/robotaksi_ws/src/S-M-LASYON/install/gps_loss_zone/share/gps_loss_zone/package.bash'
[0.789s] INFO:colcon.colcon_core.shell:Creating package script '/root/robotaksi_ws/src/S-M-LASYON/install/gps_loss_zone/share/gps_loss_zone/package.zsh'
[0.790s] Level 1:colcon.colcon_core.environment:create_file_with_runtime_dependencies(/root/robotaksi_ws/src/S-M-LASYON/install/gps_loss_zone/share/colcon-core/packages/gps_loss_zone)
[0.792s] Level 1:colcon.colcon_core.environment:checking '/root/robotaksi_ws/src/S-M-LASYON/install/robotaxi_sim' for CMake module files
[0.792s] DEBUG:colcon.colcon_core.event_handler.log_command:Invoked command in '/root/robotaksi_ws/src/S-M-LASYON/robotaxi_sim' returned '0': PYTHONPATH=/root/robotaksi_ws/src/S-M-LASYON/build/robotaxi_sim/prefix_override:/root/robotaksi_ws/src/S-M-LASYON/install/robotaxi_sim/lib/python3.8/site-packages: /usr/bin/python3 setup.py egg_info --egg-base ../build/robotaxi_sim build --build-base /root/robotaksi_ws/src/S-M-LASYON/build/robotaxi_sim/build install --record /root/robotaksi_ws/src/S-M-LASYON/build/robotaxi_sim/install.log --single-version-externally-managed
[0.793s] Level 1:colcon.colcon_core.environment:checking '/root/robotaksi_ws/src/S-M-LASYON/install/robotaxi_sim' for CMake config files
[0.793s] Level 1:colcon.colcon_core.environment:checking '/root/robotaksi_ws/src/S-M-LASYON/install/robotaxi_sim/lib'
[0.793s] Level 1:colcon.colcon_core.environment:checking '/root/robotaksi_ws/src/S-M-LASYON/install/robotaxi_sim/bin'
[0.793s] Level 1:colcon.colcon_core.environment:checking '/root/robotaksi_ws/src/S-M-LASYON/install/robotaxi_sim/lib/pkgconfig/robotaxi_sim.pc'
[0.794s] Level 1:colcon.colcon_core.environment:checking '/root/robotaksi_ws/src/S-M-LASYON/install/robotaxi_sim/lib/python3.8/site-packages'
[0.794s] Level 1:colcon.colcon_core.shell:create_environment_hook('robotaxi_sim', 'pythonpath')
[0.795s] INFO:colcon.colcon_core.shell:Creating environment hook '/root/robotaksi_ws/src/S-M-LASYON/install/robotaxi_sim/share/robotaxi_sim/hook/pythonpath.ps1'
[0.795s] INFO:colcon.colcon_core.shell:Creating environment descriptor '/root/robotaksi_ws/src/S-M-LASYON/install/robotaxi_sim/share/robotaxi_sim/hook/pythonpath.dsv'
[0.795s] INFO:colcon.colcon_core.shell:Creating environment hook '/root/robotaksi_ws/src/S-M-LASYON/install/robotaxi_sim/share/robotaxi_sim/hook/pythonpath.sh'
[0.796s] Level 1:colcon.colcon_core.environment:checking '/root/robotaksi_ws/src/S-M-LASYON/install/robotaxi_sim/bin'
[0.796s] Level 1:colcon.colcon_core.environment:create_environment_scripts_only(robotaxi_sim)
[0.797s] INFO:colcon.colcon_core.shell:Creating package script '/root/robotaksi_ws/src/S-M-LASYON/install/robotaxi_sim/share/robotaxi_sim/package.ps1'
[0.797s] INFO:colcon.colcon_core.shell:Creating package descriptor '/root/robotaksi_ws/src/S-M-LASYON/install/robotaxi_sim/share/robotaxi_sim/package.dsv'
[0.798s] INFO:colcon.colcon_core.shell:Creating package script '/root/robotaksi_ws/src/S-M-LASYON/install/robotaxi_sim/share/robotaxi_sim/package.sh'
[0.798s] INFO:colcon.colcon_core.shell:Creating package script '/root/robotaksi_ws/src/S-M-LASYON/install/robotaxi_sim/share/robotaxi_sim/package.bash'
[0.798s] INFO:colcon.colcon_core.shell:Creating package script '/root/robotaksi_ws/src/S-M-LASYON/install/robotaxi_sim/share/robotaxi_sim/package.zsh'
[0.799s] Level 1:colcon.colcon_core.environment:create_file_with_runtime_dependencies(/root/robotaksi_ws/src/S-M-LASYON/install/robotaxi_sim/share/colcon-core/packages/robotaxi_sim)
[0.799s] DEBUG:colcon.colcon_parallel_executor.executor.parallel:closing loop
[0.799s] DEBUG:colcon.colcon_parallel_executor.executor.parallel:loop closed
[0.799s] DEBUG:colcon.colcon_parallel_executor.executor.parallel:run_until_complete finished with '0'
[0.799s] DEBUG:colcon.colcon_core.event_reactor:joining thread
[0.807s] INFO:colcon.colcon_core.plugin_system:Skipping extension 'colcon_notification.desktop_notification.notify_send': Could not find 'notify-send'
[0.808s] INFO:colcon.colcon_core.plugin_system:Skipping extension 'colcon_notification.desktop_notification.terminal_notifier': Not used on non-Darwin systems
[0.808s] INFO:colcon.colcon_core.plugin_system:Skipping extension 'colcon_notification.desktop_notification.win32': Not used on non-Windows systems
[0.808s] INFO:colcon.colcon_notification.desktop_notification:Sending desktop notification using 'notify2'
[0.810s] DEBUG:colcon.colcon_notification.desktop_notification.notify2:Failed to initialize notify2: org.freedesktop.DBus.Error.Spawn.ExecFailed: /usr/bin/dbus-launch terminated abnormally without any error message
[0.811s] DEBUG:colcon.colcon_core.event_reactor:joined thread
[0.813s] INFO:colcon.colcon_core.shell:Creating prefix script '/root/robotaksi_ws/src/S-M-LASYON/install/local_setup.ps1'
[0.815s] INFO:colcon.colcon_core.shell:Creating prefix util module '/root/robotaksi_ws/src/S-M-LASYON/install/_local_setup_util_ps1.py'
[0.817s] INFO:colcon.colcon_core.shell:Creating prefix chain script '/root/robotaksi_ws/src/S-M-LASYON/install/setup.ps1'
[0.818s] INFO:colcon.colcon_core.shell:Creating prefix script '/root/robotaksi_ws/src/S-M-LASYON/install/local_setup.sh'
[0.819s] INFO:colcon.colcon_core.shell:Creating prefix util module '/root/robotaksi_ws/src/S-M-LASYON/install/_local_setup_util_sh.py'
[0.820s] INFO:colcon.colcon_core.shell:Creating prefix chain script '/root/robotaksi_ws/src/S-M-LASYON/install/setup.sh'
[0.821s] INFO:colcon.colcon_core.shell:Creating prefix script '/root/robotaksi_ws/src/S-M-LASYON/install/local_setup.bash'
[0.821s] INFO:colcon.colcon_core.shell:Creating prefix chain script '/root/robotaksi_ws/src/S-M-LASYON/install/setup.bash'
[0.822s] INFO:colcon.colcon_core.shell:Creating prefix script '/root/robotaksi_ws/src/S-M-LASYON/install/local_setup.zsh'
[0.823s] INFO:colcon.colcon_core.shell:Creating prefix chain script '/root/robotaksi_ws/src/S-M-LASYON/install/setup.zsh'
