/root/robotaksi_ws/src/S-M-LASYON/install/robotaxi_sim/lib/python3.8/site-packages/robotaxi_sim/estop.py
/root/robotaksi_ws/src/S-M-LASYON/install/robotaxi_sim/lib/python3.8/site-packages/robotaxi_sim/__init__.py
/root/robotaksi_ws/src/S-M-LASYON/install/robotaxi_sim/lib/python3.8/site-packages/robotaxi_sim/imu_from_odom.py
/root/robotaksi_ws/src/S-M-LASYON/install/robotaxi_sim/lib/python3.8/site-packages/robotaxi_sim/__pycache__/estop.cpython-38.pyc
/root/robotaksi_ws/src/S-M-LASYON/install/robotaxi_sim/lib/python3.8/site-packages/robotaxi_sim/__pycache__/__init__.cpython-38.pyc
/root/robotaksi_ws/src/S-M-LASYON/install/robotaxi_sim/lib/python3.8/site-packages/robotaxi_sim/__pycache__/imu_from_odom.cpython-38.pyc
/root/robotaksi_ws/src/S-M-LASYON/install/robotaxi_sim/share/ament_index/resource_index/packages/robotaxi_sim
/root/robotaksi_ws/src/S-M-LASYON/install/robotaxi_sim/share/robotaxi_sim/package.xml
/root/robotaksi_ws/src/S-M-LASYON/install/robotaxi_sim/share/robotaxi_sim/launch/sim_teknofest.launch.py
/root/robotaksi_ws/src/S-M-LASYON/install/robotaxi_sim/share/robotaxi_sim/launch/sim.launch.py
/root/robotaksi_ws/src/S-M-LASYON/install/robotaxi_sim/share/robotaxi_sim/worlds/teknofest_pist.world
/root/robotaksi_ws/src/S-M-LASYON/install/robotaxi_sim/share/robotaxi_sim/worlds/city.world
/root/robotaksi_ws/src/S-M-LASYON/install/robotaxi_sim/share/robotaxi_sim/models/robotaxi/robotaxi.urdf
/root/robotaksi_ws/src/S-M-LASYON/install/robotaxi_sim/lib/python3.8/site-packages/robotaxi_sim-0.0.1-py3.8.egg-info/SOURCES.txt
/root/robotaksi_ws/src/S-M-LASYON/install/robotaxi_sim/lib/python3.8/site-packages/robotaxi_sim-0.0.1-py3.8.egg-info/zip-safe
/root/robotaksi_ws/src/S-M-LASYON/install/robotaxi_sim/lib/python3.8/site-packages/robotaxi_sim-0.0.1-py3.8.egg-info/requires.txt
/root/robotaksi_ws/src/S-M-LASYON/install/robotaxi_sim/lib/python3.8/site-packages/robotaxi_sim-0.0.1-py3.8.egg-info/dependency_links.txt
/root/robotaksi_ws/src/S-M-LASYON/install/robotaxi_sim/lib/python3.8/site-packages/robotaxi_sim-0.0.1-py3.8.egg-info/entry_points.txt
/root/robotaksi_ws/src/S-M-LASYON/install/robotaxi_sim/lib/python3.8/site-packages/robotaxi_sim-0.0.1-py3.8.egg-info/PKG-INFO
/root/robotaksi_ws/src/S-M-LASYON/install/robotaxi_sim/lib/python3.8/site-packages/robotaxi_sim-0.0.1-py3.8.egg-info/top_level.txt
/root/robotaksi_ws/src/S-M-LASYON/install/robotaxi_sim/lib/robotaxi_sim/estop
/root/robotaksi_ws/src/S-M-LASYON/install/robotaxi_sim/lib/robotaxi_sim/imu_from_odom
